test

PS D:\Git\New folder\vjbeaz> git branch
* main
PS D:\Git\New folder\vjbeaz> git status 
On branch main
Your branch is up to date with 'origin/main'.

Untracked files:
  (use "git add <file>..." to include in what will be committed)
        test.txt

nothing added to commit but untracked files present (use "git add" to track)
PS D:\Git\New folder\vjbeaz> git add .\test.txt
PS D:\Git\New folder\vjbeaz> git status        
On branch main
Your branch is up to date with 'origin/main'.

Changes to be committed:
  (use "git restore --staged <file>..." to unstage)
        new file:   test.txt

PS D:\Git\New folder\vjbeaz> git commit -m "added new text file" 
[main 6a7ea39] added new text file
 1 file changed, 2 insertions(+)
 create mode 100644 test.txt
PS D:\Git\New folder\vjbeaz> git push origin main 
info: please complete authentication in your browser...
Enumerating objects: 4, done.
Counting objects: 100% (4/4), done.
Delta compression using up to 12 threads
Compressing objects: 100% (2/2), done.
Writing objects: 100% (3/3), 299 bytes | 299.00 KiB/s, done.
Total 3 (delta 0), reused 0 (delta 0), pack-reused 0 (from 0)
To https://github.com/vjmicrosoft/vjbeaz.git
   eed4b60..6a7ea39  main -> main
PS D:\Git\New folder\vjbeaz> 